[ozod.hasnaanajmi.co/intro.html]
[backblue.gif]
[fade.gif]
[index.html]
[ozod.hasnaanajmi.co/images/icon.png]
[ozod.hasnaanajmi.co/css/font-awesome.min.css]
[ozod.hasnaanajmi.co/css/bootstrap.min.css]
[ozod.hasnaanajmi.co/index.html]
[ozod.hasnaanajmi.co/images/intro/1.png]
[ozod.hasnaanajmi.co/index2.html]
[ozod.hasnaanajmi.co/images/intro/2.png]
[ozod.hasnaanajmi.co/js/jquery-3.2.1.min.js]
[ozod.hasnaanajmi.co/js/popper.min.js]
[ozod.hasnaanajmi.co/js/bootstrap.min.js]
[ozod.hasnaanajmi.co/js/custom.js]
[ozod.hasnaanajmi.co/intro.html]
[ozod.hasnaanajmi.co/fonts/fontawesome-webfont3e6e.eot]
[ozod.hasnaanajmi.co/fonts/fontawesome-webfontd41d.eot]
[ozod.hasnaanajmi.co/fonts/fontawesome-webfont3e6e.woff2]
[ozod.hasnaanajmi.co/fonts/fontawesome-webfont3e6e.woff]
[ozod.hasnaanajmi.co/fonts/fontawesome-webfont3e6e.ttf]
[ozod.hasnaanajmi.co/css/font-awesome.min.css]
[ozod.hasnaanajmi.co/css/bootstrap.min.css]
[ozod.hasnaanajmi.co/fonts/fontawesome-webfont3e6e.svg]
[ozod.hasnaanajmi.co/fonts/flaticon.css]
[ozod.hasnaanajmi.co/css/magnific-popup.css]
[ozod.hasnaanajmi.co/css/main.css]
[ozod.hasnaanajmi.co/images/about.jpg]
[ozod.hasnaanajmi.co/images/portfolio/item-1.jpg]
[ozod.hasnaanajmi.co/images/portfolio/item-2.jpg]
[ozod.hasnaanajmi.co/images/portfolio/item-3.jpg]
[ozod.hasnaanajmi.co/images/portfolio/item-4.jpg]
[ozod.hasnaanajmi.co/images/portfolio/item-5.jpg]
[ozod.hasnaanajmi.co/images/portfolio/item-6.jpg]
[ozod.hasnaanajmi.co/images/blog/1.jpg]
[ozod.hasnaanajmi.co/blog-single.html]
[ozod.hasnaanajmi.co/images/blog/2.jpg]
[ozod.hasnaanajmi.co/blog.html]
[ozod.hasnaanajmi.co/js/particles.js]
[ozod.hasnaanajmi.co/js/app.js]
[ozod.hasnaanajmi.co/js/typed.js]
[ozod.hasnaanajmi.co/js/jquery.easypiechart.min.js]
[ozod.hasnaanajmi.co/index.html]
[ozod.hasnaanajmi.co/js/jquery.magnific-popup.min.js]
[ozod.hasnaanajmi.co/css/demo2.css]
[ozod.hasnaanajmi.co/css/colors/blue_color.css]
[ozod.hasnaanajmi.co/images/about2.jpg]
[ozod.hasnaanajmi.co/js/app2.js]
[ozod.hasnaanajmi.co/index2.html]
[ozod.hasnaanajmi.co/fonts/fontawesome-webfont3e6e.svg]
[ozod.hasnaanajmi.co/fonts/Flaticon.eot]
[ozod.hasnaanajmi.co/fonts/Flaticond41d.eot]
[ozod.hasnaanajmi.co/fonts/Flaticon.woff2]
[ozod.hasnaanajmi.co/fonts/Flaticon.woff]
[ozod.hasnaanajmi.co/fonts/Flaticon.ttf]
[ozod.hasnaanajmi.co/fonts/flaticon.css]
[ozod.hasnaanajmi.co/css/magnific-popup.css]
[ozod.hasnaanajmi.co/fonts/Flaticon.svg]
[ozod.hasnaanajmi.co/images/main-img.jpg]
[ozod.hasnaanajmi.co/css/main.css]
[ozod.hasnaanajmi.co/css/inner-pages.css]
[ozod.hasnaanajmi.co/images/blog/5.jpg]
[ozod.hasnaanajmi.co/images/comments/1.jpg]
[ozod.hasnaanajmi.co/images/comments/2.jpg]
[ozod.hasnaanajmi.co/images/comments/3.jpg]
[ozod.hasnaanajmi.co/images/blog/3.jpg]
[ozod.hasnaanajmi.co/images/blog/4.jpg]
[ozod.hasnaanajmi.co/blog-single.html]
[ozod.hasnaanajmi.co/blog.html]
[ozod.hasnaanajmi.co/images/main-img2.jpg]
[ozod.hasnaanajmi.co/css/demo2.css]
[ozod.hasnaanajmi.co/css/colors/blue_color.css]
[ozod.hasnaanajmi.co/fonts/Flaticon.svg]
[ozod.hasnaanajmi.co/images/blog/blog-bg.jpg]
[ozod.hasnaanajmi.co/css/inner-pages.css]
